// Jest Snapshot v1, https://goo.gl/fbAQLP

exports[`MainView should render component 1`] = `
<div
  className="core-main-view"
>
  <div
    className="content card"
    variant="primary"
  >
    <div
      className="stats"
    >
      <p>
        Disk space: 
        1 kB
         free of 
        2 kB
      </p>
      0
      <p>
        Latest tracefile: 
        file
      </p>
    </div>
  </div>
</div>
`;
